** Drc report for StepUp.kicad_pcb **
** Created on 2024-05-30T18:42:31+0100 **

** Found 54 DRC violations **
[text_thickness]: Text thickness out of range (board setup constraints silk text thickness min thickness 0.1500 mm; actual 0.1200 mm)
    Rule: board setup constraints silk text thickness; warning
    @(121.0920 mm, 70.3600 mm): PCB Text 'G   G RX  SWD TX  SCK' on F.Silkscreen
[text_height]: Text height out of range (board setup constraints silk text height min height 0.8000 mm; actual 0.7000 mm)
    Rule: board setup constraints silk text height; warning
    @(121.0920 mm, 70.3600 mm): PCB Text 'G   G RX  SWD TX  SCK' on F.Silkscreen
[silk_over_copper]: Silkscreen clipped by solder mask
    Local override; warning
    @(28.1170 mm, 82.2350 mm): Segment on F.Silkscreen
[silk_over_copper]: Silkscreen clipped by solder mask
    Local override; warning
    @(28.0170 mm, 82.2350 mm): Segment on F.Silkscreen
[silk_over_copper]: Silkscreen clipped by solder mask
    Local override; warning
    @(27.9170 mm, 82.2350 mm): Segment on F.Silkscreen
[silk_over_copper]: Silkscreen clipped by solder mask
    Local override; warning
    @(83.2064 mm, 68.0460 mm): Segment on F.Silkscreen
[silk_over_copper]: Silkscreen clipped by solder mask
    Local override; warning
    @(80.2314 mm, 68.0460 mm): Segment on F.Silkscreen
[silk_over_copper]: Silkscreen clipped by solder mask
    Local override; warning
    @(80.1814 mm, 68.0460 mm): Segment on F.Silkscreen
[silk_over_copper]: Silkscreen clipped by solder mask
    Local override; warning
    @(65.8420 mm, 90.9600 mm): Segment on F.Silkscreen
[silk_over_copper]: Silkscreen clipped by solder mask
    Local override; warning
    @(65.8420 mm, 88.2850 mm): Segment on F.Silkscreen
[silk_over_copper]: Silkscreen clipped by solder mask
    Local override; warning
    @(63.8420 mm, 90.9350 mm): Segment on F.Silkscreen
[silk_over_copper]: Silkscreen clipped by solder mask
    Local override; warning
    @(63.8420 mm, 88.2850 mm): Segment on F.Silkscreen
[silk_over_copper]: Silkscreen clipped by solder mask
    Local override; warning
    @(63.8420 mm, 88.1850 mm): Segment on F.Silkscreen
[silk_over_copper]: Silkscreen clipped by solder mask
    Local override; warning
    @(76.5944 mm, 67.3210 mm): Segment on F.Silkscreen
[silk_over_copper]: Silkscreen clipped by solder mask
    Local override; warning
    @(76.5944 mm, 64.3460 mm): Segment on F.Silkscreen
[silk_over_copper]: Silkscreen clipped by solder mask
    Local override; warning
    @(76.5944 mm, 64.2960 mm): Segment on F.Silkscreen
[silk_overlap]: Silkscreen overlap (board setup constraints silk clearance 0.1000 mm; actual 0.0762 mm)
    Rule: board setup constraints silk; warning
    @(83.4012 mm, 42.4109 mm): Segment on F.Silkscreen
    @(83.4012 mm, 42.1823 mm): Segment on F.Silkscreen
[silk_overlap]: Silkscreen overlap (board setup constraints silk clearance 0.1000 mm; actual 0.0762 mm)
    Rule: board setup constraints silk; warning
    @(83.4012 mm, 42.4109 mm): Segment on F.Silkscreen
    @(80.3024 mm, 42.1823 mm): Segment on F.Silkscreen
[silk_overlap]: Silkscreen overlap (board setup constraints silk clearance 0.1000 mm; actual 0.0762 mm)
    Rule: board setup constraints silk; warning
    @(83.4012 mm, 42.4109 mm): Segment on F.Silkscreen
    @(80.3024 mm, 41.8800 mm): Segment on F.Silkscreen
[silk_overlap]: Silkscreen overlap (board setup constraints silk clearance 0.1000 mm; actual 0.0762 mm)
    Rule: board setup constraints silk; warning
    @(83.4012 mm, 42.7132 mm): Segment on F.Silkscreen
    @(83.4012 mm, 42.1823 mm): Segment on F.Silkscreen
[silk_overlap]: Silkscreen overlap (board setup constraints silk clearance 0.1000 mm; actual 0.0762 mm)
    Rule: board setup constraints silk; warning
    @(83.4012 mm, 42.7132 mm): Segment on F.Silkscreen
    @(80.3024 mm, 42.1823 mm): Segment on F.Silkscreen
[silk_overlap]: Silkscreen overlap (board setup constraints silk clearance 0.1000 mm; actual 0.0762 mm)
    Rule: board setup constraints silk; warning
    @(76.6828 mm, 42.7132 mm): Segment on F.Silkscreen
    @(73.5840 mm, 42.1823 mm): Segment on F.Silkscreen
[silk_overlap]: Silkscreen overlap (board setup constraints silk clearance 0.1000 mm; actual 0.0762 mm)
    Rule: board setup constraints silk; warning
    @(76.6828 mm, 42.7132 mm): Segment on F.Silkscreen
    @(76.6828 mm, 42.1823 mm): Segment on F.Silkscreen
[silk_overlap]: Silkscreen overlap (board setup constraints silk clearance 0.1000 mm; actual 0.0762 mm)
    Rule: board setup constraints silk; warning
    @(76.6828 mm, 42.4109 mm): Segment on F.Silkscreen
    @(73.5840 mm, 41.8800 mm): Segment on F.Silkscreen
[silk_overlap]: Silkscreen overlap (board setup constraints silk clearance 0.1000 mm; actual 0.0762 mm)
    Rule: board setup constraints silk; warning
    @(76.6828 mm, 42.4109 mm): Segment on F.Silkscreen
    @(73.5840 mm, 42.1823 mm): Segment on F.Silkscreen
[silk_overlap]: Silkscreen overlap (board setup constraints silk clearance 0.1000 mm; actual 0.0762 mm)
    Rule: board setup constraints silk; warning
    @(76.6828 mm, 42.4109 mm): Segment on F.Silkscreen
    @(76.6828 mm, 42.1823 mm): Segment on F.Silkscreen
[silk_overlap]: Silkscreen overlap (board setup constraints silk clearance 0.1000 mm; actual 0.0762 mm)
    Rule: board setup constraints silk; warning
    @(73.5840 mm, 42.4109 mm): Segment on F.Silkscreen
    @(73.5840 mm, 41.8800 mm): Segment on F.Silkscreen
[silk_overlap]: Silkscreen overlap (board setup constraints silk clearance 0.1000 mm; actual 0.0762 mm)
    Rule: board setup constraints silk; warning
    @(73.5840 mm, 42.4109 mm): Segment on F.Silkscreen
    @(73.5840 mm, 42.1823 mm): Segment on F.Silkscreen
[silk_overlap]: Silkscreen overlap (board setup constraints silk clearance 0.1000 mm; actual 0.0000 mm)
    Rule: board setup constraints silk; warning
    @(124.9520 mm, 42.6860 mm): Segment on F.Silkscreen
    @(121.0170 mm, 34.0600 mm): Rectangle on F.Silkscreen
[silk_overlap]: Silkscreen overlap (board setup constraints silk clearance 0.1000 mm; actual 0.0000 mm)
    Rule: board setup constraints silk; warning
    @(124.9520 mm, 55.4460 mm): Segment on F.Silkscreen
    @(121.0170 mm, 34.0600 mm): Rectangle on F.Silkscreen
[silk_overlap]: Silkscreen overlap (board setup constraints silk clearance 0.1000 mm; actual 0.0000 mm)
    Rule: board setup constraints silk; warning
    @(120.8670 mm, 66.8600 mm): Rectangle on F.Silkscreen
    @(124.9470 mm, 66.8650 mm): Segment on F.Silkscreen
[silk_overlap]: Silkscreen overlap (board setup constraints silk clearance 0.1000 mm; actual 0.0000 mm)
    Rule: board setup constraints silk; warning
    @(120.8670 mm, 66.8600 mm): Rectangle on F.Silkscreen
    @(122.3470 mm, 66.8650 mm): Segment on F.Silkscreen
[silk_overlap]: Silkscreen overlap (board setup constraints silk clearance 0.1000 mm; actual 0.0000 mm)
    Rule: board setup constraints silk; warning
    @(120.8670 mm, 66.8600 mm): Rectangle on F.Silkscreen
    @(122.3470 mm, 64.2650 mm): Segment on F.Silkscreen
[silk_overlap]: Silkscreen overlap (board setup constraints silk clearance 0.1000 mm; actual 0.0000 mm)
    Rule: board setup constraints silk; warning
    @(120.8670 mm, 66.8600 mm): Rectangle on F.Silkscreen
    @(124.9470 mm, 65.5350 mm): Segment on F.Silkscreen
[silk_overlap]: Silkscreen overlap (board setup constraints silk clearance 0.1000 mm; actual 0.0000 mm)
    Rule: board setup constraints silk; warning
    @(108.0270 mm, 24.8075 mm): Rectangle on F.Silkscreen
    @(100.2870 mm, 24.8150 mm): Segment on F.Silkscreen
[silk_overlap]: Silkscreen overlap (board setup constraints silk clearance 0.1000 mm; actual 0.0000 mm)
    Rule: board setup constraints silk; warning
    @(108.0270 mm, 24.8075 mm): Rectangle on F.Silkscreen
    @(102.8870 mm, 30.0150 mm): Segment on F.Silkscreen
[silk_overlap]: Silkscreen overlap (board setup constraints silk clearance 0.1000 mm; actual 0.0000 mm)
    Rule: board setup constraints silk; warning
    @(108.0270 mm, 24.8075 mm): Rectangle on F.Silkscreen
    @(108.0270 mm, 30.0150 mm): Segment on F.Silkscreen
[silk_overlap]: Silkscreen overlap (board setup constraints silk clearance 0.1000 mm; actual 0.0762 mm)
    Rule: board setup constraints silk; warning
    @(80.3024 mm, 42.1823 mm): Segment on F.Silkscreen
    @(80.3024 mm, 42.4109 mm): Segment on F.Silkscreen
[silk_overlap]: Silkscreen overlap (board setup constraints silk clearance 0.1000 mm; actual 0.0762 mm)
    Rule: board setup constraints silk; warning
    @(80.3024 mm, 41.8800 mm): Segment on F.Silkscreen
    @(80.3024 mm, 42.4109 mm): Segment on F.Silkscreen
[silk_overlap]: Silkscreen overlap (board setup constraints silk clearance 0.1000 mm; actual 0.0762 mm)
    Rule: board setup constraints silk; warning
    @(84.7600 mm, 41.8800 mm): Segment on F.Silkscreen
    @(87.8588 mm, 42.4109 mm): Segment on F.Silkscreen
[silk_overlap]: Silkscreen overlap (board setup constraints silk clearance 0.1000 mm; actual 0.0762 mm)
    Rule: board setup constraints silk; warning
    @(84.7600 mm, 41.8800 mm): Segment on F.Silkscreen
    @(84.7600 mm, 42.4109 mm): Segment on F.Silkscreen
[silk_overlap]: Silkscreen overlap (board setup constraints silk clearance 0.1000 mm; actual 0.0762 mm)
    Rule: board setup constraints silk; warning
    @(84.7600 mm, 42.1823 mm): Segment on F.Silkscreen
    @(87.8588 mm, 42.7132 mm): Segment on F.Silkscreen
[silk_overlap]: Silkscreen overlap (board setup constraints silk clearance 0.1000 mm; actual 0.0762 mm)
    Rule: board setup constraints silk; warning
    @(84.7600 mm, 42.1823 mm): Segment on F.Silkscreen
    @(87.8588 mm, 42.4109 mm): Segment on F.Silkscreen
[silk_overlap]: Silkscreen overlap (board setup constraints silk clearance 0.1000 mm; actual 0.0762 mm)
    Rule: board setup constraints silk; warning
    @(84.7600 mm, 42.1823 mm): Segment on F.Silkscreen
    @(84.7600 mm, 42.4109 mm): Segment on F.Silkscreen
[silk_overlap]: Silkscreen overlap (board setup constraints silk clearance 0.1000 mm; actual 0.0762 mm)
    Rule: board setup constraints silk; warning
    @(87.8588 mm, 42.1823 mm): Segment on F.Silkscreen
    @(87.8588 mm, 42.7132 mm): Segment on F.Silkscreen
[silk_overlap]: Silkscreen overlap (board setup constraints silk clearance 0.1000 mm; actual 0.0762 mm)
    Rule: board setup constraints silk; warning
    @(87.8588 mm, 42.1823 mm): Segment on F.Silkscreen
    @(87.8588 mm, 42.4109 mm): Segment on F.Silkscreen
[silk_overlap]: Silkscreen overlap (board setup constraints silk clearance 0.1000 mm; actual 0.0762 mm)
    Rule: board setup constraints silk; warning
    @(91.1100 mm, 42.4109 mm): Segment on F.Silkscreen
    @(91.1100 mm, 42.1823 mm): Segment on F.Silkscreen
[silk_overlap]: Silkscreen overlap (board setup constraints silk clearance 0.1000 mm; actual 0.0762 mm)
    Rule: board setup constraints silk; warning
    @(91.1100 mm, 42.4109 mm): Segment on F.Silkscreen
    @(91.1100 mm, 41.8800 mm): Segment on F.Silkscreen
[silk_overlap]: Silkscreen overlap (board setup constraints silk clearance 0.1000 mm; actual 0.0762 mm)
    Rule: board setup constraints silk; warning
    @(91.1100 mm, 42.1823 mm): Segment on F.Silkscreen
    @(94.2088 mm, 42.4109 mm): Segment on F.Silkscreen
[silk_overlap]: Silkscreen overlap (board setup constraints silk clearance 0.1000 mm; actual 0.0762 mm)
    Rule: board setup constraints silk; warning
    @(91.1100 mm, 42.1823 mm): Segment on F.Silkscreen
    @(94.2088 mm, 42.7132 mm): Segment on F.Silkscreen
[silk_overlap]: Silkscreen overlap (board setup constraints silk clearance 0.1000 mm; actual 0.0762 mm)
    Rule: board setup constraints silk; warning
    @(91.1100 mm, 41.8800 mm): Segment on F.Silkscreen
    @(94.2088 mm, 42.4109 mm): Segment on F.Silkscreen
[silk_overlap]: Silkscreen overlap (board setup constraints silk clearance 0.1000 mm; actual 0.0762 mm)
    Rule: board setup constraints silk; warning
    @(94.2088 mm, 42.4109 mm): Segment on F.Silkscreen
    @(94.2088 mm, 42.1823 mm): Segment on F.Silkscreen
[silk_overlap]: Silkscreen overlap (board setup constraints silk clearance 0.1000 mm; actual 0.0762 mm)
    Rule: board setup constraints silk; warning
    @(94.2088 mm, 42.1823 mm): Segment on F.Silkscreen
    @(94.2088 mm, 42.7132 mm): Segment on F.Silkscreen
[silk_overlap]: Silkscreen overlap (board setup constraints silk clearance 0.1000 mm; actual 0.0000 mm)
    Rule: board setup constraints silk; warning
    @(81.6866 mm, 54.9110 mm): Footprint Text '*' of U5
    @(81.6866 mm, 54.9110 mm): Footprint Text '*' of U5

** Found 0 unconnected pads **

** Found 0 Footprint errors **

** End of Report **
